Ignoring wrong pointing object 8 0 (offset 0)
Traceback (most recent call last):
  File "C:\Users\nadez\PycharmProjects\bridge42worlds\cloudflare\backup_pages.py", line 152, in <module>
    sys.exit(main())
             ~~~~^^
  File "C:\Users\nadez\PycharmProjects\bridge42worlds\cloudflare\backup_pages.py", line 133, in main
    MANIFEST.write_text(json.dumps(new, ensure_ascii=False),
    ~~~~~~~~~~~~~~~~~~~^^^^^^^^^^^^^^^^^^^^^^^^^^^^^^^^^^^^^
                        encoding="utf-8")
                        ^^^^^^^^^^^^^^^^^
  File "C:\Python313\Lib\pathlib\_local.py", line 555, in write_text
    return PathBase.write_text(self, data, encoding, errors, newline)
           ~~~~~~~~~~~~~~~~~~~^^^^^^^^^^^^^^^^^^^^^^^^^^^^^^^^^^^^^^^
  File "C:\Python313\Lib\pathlib\_abc.py", line 651, in write_text
    with self.open(mode='w', encoding=encoding, errors=errors, newline=newline) as f:
         ~~~~~~~~~^^^^^^^^^^^^^^^^^^^^^^^^^^^^^^^^^^^^^^^^^^^^^^^^^^^^^^^^^^^^^
  File "C:\Python313\Lib\pathlib\_local.py", line 537, in open
    return io.open(self, mode, buffering, encoding, errors, newline)
           ~~~~~~~^^^^^^^^^^^^^^^^^^^^^^^^^^^^^^^^^^^^^^^^^^^^^^^^^^
OSError: [Errno 22] Invalid argument: 'C:\\Users\\nadez\\PycharmProjects\\bridge42worlds\\cloudflare\\.pages-manifest.json'
