incorrect startxref pointer(3)
parsing for Object Streams
Multiple definitions in dictionary at byte 0x7d for key /Subtype
Multiple definitions in dictionary at byte 0x7d for key /Subtype
Multiple definitions in dictionary at byte 0x7d for key /Subtype
Multiple definitions in dictionary at byte 0x7d for key /Subtype
Multiple definitions in dictionary at byte 0x7d for key /Subtype
Multiple definitions in dictionary at byte 0x7d for key /Subtype
Multiple definitions in dictionary at byte 0x7d for key /Subtype
Multiple definitions in dictionary at byte 0x7d for key /Subtype
Multiple definitions in dictionary at byte 0x7d for key /Subtype
Multiple definitions in dictionary at byte 0x7d for key /Subtype
Multiple definitions in dictionary at byte 0x7d for key /Subtype
Multiple definitions in dictionary at byte 0x7d for key /Subtype
image and mask size not matching: {'/Interpolate': False, '/ColorSpace': ['/Indexed', '/DeviceRGB', 1, '\x00ÿ\uffff'], '/Width': 2, '/BitsPerComponent': 1, '/Height': 2, '/Filter': '/FlateDecode', '/Type': '/XObject', '/Subtype': '/Image', '/SMask': IndirectObject(55, 0, 1895002606800)}
Multiple definitions in dictionary at byte 0x7d for key /Subtype
Multiple definitions in dictionary at byte 0x7d for key /Subtype
Multiple definitions in dictionary at byte 0x7d for key /Subtype
Multiple definitions in dictionary at byte 0x7d for key /Subtype
Multiple definitions in dictionary at byte 0x7d for key /Subtype
Multiple definitions in dictionary at byte 0x7d for key /Subtype
Multiple definitions in dictionary at byte 0x7d for key /Subtype
Multiple definitions in dictionary at byte 0x7d for key /Subtype
image and mask size not matching: {'/Interpolate': False, '/ColorSpace': ['/Indexed', '/DeviceRGB', 1, '\x00ÿ\uffff'], '/Width': 2, '/BitsPerComponent': 1, '/Height': 2, '/Filter': '/FlateDecode', '/Type': '/XObject', '/Subtype': '/Image', '/SMask': IndirectObject(100, 0, 1895002606800)}
Multiple definitions in dictionary at byte 0x7d for key /Subtype
Multiple definitions in dictionary at byte 0x7d for key /Subtype
Multiple definitions in dictionary at byte 0x7d for key /Subtype
Multiple definitions in dictionary at byte 0x7d for key /Subtype
Multiple definitions in dictionary at byte 0x7d for key /Subtype
Multiple definitions in dictionary at byte 0x7d for key /Subtype
Multiple definitions in dictionary at byte 0x7d for key /Subtype
Multiple definitions in dictionary at byte 0x7d for key /Subtype
Multiple definitions in dictionary at byte 0x7d for key /Subtype
Multiple definitions in dictionary at byte 0x7d for key /Subtype
Multiple definitions in dictionary at byte 0x7d for key /Subtype
Multiple definitions in dictionary at byte 0x7d for key /Subtype
Multiple definitions in dictionary at byte 0x7d for key /Subtype
Multiple definitions in dictionary at byte 0x7d for key /Subtype
Multiple definitions in dictionary at byte 0x7d for key /Subtype
Multiple definitions in dictionary at byte 0x7d for key /Subtype
Multiple definitions in dictionary at byte 0x7d for key /Subtype
Multiple definitions in dictionary at byte 0x7d for key /Subtype
Multiple definitions in dictionary at byte 0x7d for key /Subtype
Multiple definitions in dictionary at byte 0x7d for key /Subtype
Multiple definitions in dictionary at byte 0x7d for key /Subtype
Multiple definitions in dictionary at byte 0x7d for key /Subtype
image and mask size not matching: {'/Interpolate': False, '/ColorSpace': ['/Indexed', '/DeviceRGB', 1, '\x00ÿ\uffff'], '/Width': 2, '/BitsPerComponent': 1, '/Height': 2, '/Filter': '/FlateDecode', '/Type': '/XObject', '/Subtype': '/Image', '/SMask': IndirectObject(215, 0, 1895002606800)}
Multiple definitions in dictionary at byte 0x7d for key /Subtype
Multiple definitions in dictionary at byte 0x7d for key /Subtype
Multiple definitions in dictionary at byte 0x7d for key /Subtype
Multiple definitions in dictionary at byte 0x7d for key /Subtype
image and mask size not matching: {'/Interpolate': False, '/ColorSpace': ['/Indexed', '/DeviceRGB', 1, '\x00ÿ\uffff'], '/Width': 2, '/BitsPerComponent': 1, '/Height': 2, '/Filter': '/FlateDecode', '/Type': '/XObject', '/Subtype': '/Image', '/SMask': IndirectObject(225, 0, 1895002606800)}
image and mask size not matching: {'/Interpolate': False, '/ColorSpace': ['/Indexed', '/DeviceRGB', 1, '\x00ÿ\uffff'], '/Width': 2, '/BitsPerComponent': 1, '/Height': 2, '/Filter': '/FlateDecode', '/Type': '/XObject', '/Subtype': '/Image', '/SMask': IndirectObject(226, 0, 1895002606800)}
Multiple definitions in dictionary at byte 0x7d for key /Subtype
Multiple definitions in dictionary at byte 0x7d for key /Subtype
Multiple definitions in dictionary at byte 0x7d for key /Subtype
Multiple definitions in dictionary at byte 0x7d for key /Subtype
Multiple definitions in dictionary at byte 0x7d for key /Subtype
Multiple definitions in dictionary at byte 0x7d for key /Subtype
Multiple definitions in dictionary at byte 0x7d for key /Subtype
Multiple definitions in dictionary at byte 0x7d for key /Subtype
Multiple definitions in dictionary at byte 0x7d for key /Subtype
Multiple definitions in dictionary at byte 0x7d for key /Subtype
Multiple definitions in dictionary at byte 0x7d for key /Subtype
Multiple definitions in dictionary at byte 0x7d for key /Subtype
Multiple definitions in dictionary at byte 0x7d for key /Subtype
Multiple definitions in dictionary at byte 0x7d for key /Subtype
Ignoring wrong pointing object 6 0 (offset 0)
Ignoring wrong pointing object 8 0 (offset 0)
Ignoring wrong pointing object 10 0 (offset 0)
Ignoring wrong pointing object 12 0 (offset 0)
Ignoring wrong pointing object 14 0 (offset 0)
Ignoring wrong pointing object 16 0 (offset 0)
Ignoring wrong pointing object 24 0 (offset 0)
Ignoring wrong pointing object 26 0 (offset 0)
Ignoring wrong pointing object 40 0 (offset 0)
Ignoring wrong pointing object 42 0 (offset 0)
Ignoring wrong pointing object 57 0 (offset 0)
Ignoring wrong pointing object 59 0 (offset 0)
Ignoring wrong pointing object 61 0 (offset 0)
Ignoring wrong pointing object 66 0 (offset 0)
Ignoring wrong pointing object 68 0 (offset 0)
Ignoring wrong pointing object 91 0 (offset 0)
Ignoring wrong pointing object 99 0 (offset 0)
Ignoring wrong pointing object 109 0 (offset 0)
Ignoring wrong pointing object 126 0 (offset 0)
Ignoring wrong pointing object 8 0 (offset 0)
Ignoring wrong pointing object 10 0 (offset 0)
Ignoring wrong pointing object 12 0 (offset 0)
Ignoring wrong pointing object 14 0 (offset 0)
Ignoring wrong pointing object 16 0 (offset 0)
Ignoring wrong pointing object 18 0 (offset 0)
Ignoring wrong pointing object 28 0 (offset 0)
Ignoring wrong pointing object 30 0 (offset 0)
Ignoring wrong pointing object 36 0 (offset 0)
Ignoring wrong pointing object 38 0 (offset 0)
Ignoring wrong pointing object 48 0 (offset 0)
Ignoring wrong pointing object 91 0 (offset 0)
Ignoring wrong pointing object 8 0 (offset 0)
Ignoring wrong pointing object 10 0 (offset 0)
Ignoring wrong pointing object 12 0 (offset 0)
Ignoring wrong pointing object 14 0 (offset 0)
Ignoring wrong pointing object 16 0 (offset 0)
Ignoring wrong pointing object 18 0 (offset 0)
Ignoring wrong pointing object 20 0 (offset 0)
Ignoring wrong pointing object 22 0 (offset 0)
Ignoring wrong pointing object 24 0 (offset 0)
Ignoring wrong pointing object 26 0 (offset 0)
Ignoring wrong pointing object 34 0 (offset 0)
Ignoring wrong pointing object 36 0 (offset 0)
Ignoring wrong pointing object 38 0 (offset 0)
Ignoring wrong pointing object 50 0 (offset 0)
Ignoring wrong pointing object 52 0 (offset 0)
Ignoring wrong pointing object 54 0 (offset 0)
Ignoring wrong pointing object 56 0 (offset 0)
Ignoring wrong pointing object 58 0 (offset 0)
Ignoring wrong pointing object 60 0 (offset 0)
Ignoring wrong pointing object 62 0 (offset 0)
Ignoring wrong pointing object 64 0 (offset 0)
Ignoring wrong pointing object 72 0 (offset 0)
Ignoring wrong pointing object 140 0 (offset 0)
Ignoring wrong pointing object 142 0 (offset 0)
Ignoring wrong pointing object 152 0 (offset 0)
Ignoring wrong pointing object 163 0 (offset 0)
Ignoring wrong pointing object 169 0 (offset 0)
Ignoring wrong pointing object 21 0 (offset 0)
